// Jest Snapshot v1, https://goo.gl/fbAQLP

exports[`Component snapshot testing renders without data 1`] = `
<MainScreen
  style={
    Object {
      "alignItems": "center",
      "backgroundColor": "#FFFFFF",
      "flex": 1,
      "justifyContent": "center",
    }
  }
>
  <Header
    back={true}
    setting={true}
    title="History"
  />
  <View
    style={
      Object {
        "alignItems": "center",
        "backgroundColor": "#FFFFFF",
        "flex": 1,
        "justifyContent": "center",
      }
    }
  >
    <Button
      disabled={false}
      onPress={[Function]}
      title="title"
      type="raised-ripple"
    />
    <RNSVGSvgView
      align="xMidYMid"
      bbHeight="48"
      bbWidth="48"
      height={48}
      meetOrSlice={0}
      minX={0}
      minY={0}
      style={
        Array [
          Object {
            "backgroundColor": "transparent",
            "borderWidth": 0,
          },
          undefined,
          false,
          Object {
            "flex": 0,
            "height": 48,
            "width": 48,
          },
        ]
      }
      vbHeight={48}
      vbWidth={48}
      width={48}
    >
      <RNSVGGroup
        fill={
          Array [
            0,
            0,
            0,
            0,
            1,
          ]
        }
        fillOpacity={1}
        fillRule={1}
        font={Object {}}
        matrix={
          Array [
            1,
            0,
            0,
            1,
            0,
            0,
          ]
        }
        opacity={1}
        originX={0}
        originY={0}
        propList={Array []}
        rotation={0}
        scaleX={1}
        scaleY={1}
        skewX={0}
        skewY={0}
        stroke={null}
        strokeDasharray={null}
        strokeDashoffset={null}
        strokeLinecap={0}
        strokeLinejoin={0}
        strokeMiterlimit={4}
        strokeOpacity={1}
        strokeWidth="1"
        x={0}
        y={0}
      >
        <RNSVGGroup
          fill={null}
          fillOpacity={1}
          fillRule={1}
          font={Object {}}
          matrix={
            Array [
              1,
              0,
              0,
              1,
              0,
              0,
            ]
          }
          opacity={1}
          originX={0}
          originY={0}
          propList={
            Array [
              "fill",
            ]
          }
          rotation={0}
          scaleX={1}
          scaleY={1}
          skewX={0}
          skewY={0}
          stroke={null}
          strokeDasharray={null}
          strokeDashoffset={null}
          strokeLinecap={0}
          strokeLinejoin={0}
          strokeMiterlimit={4}
          strokeOpacity={1}
          strokeWidth="1"
          x={0}
          y={0}
        >
          <RNSVGPath
            d="M12.27 25.747l11.308 11.307a.602.602 0 0 0 .852 0l11.3-11.307.835-.827a8.282 8.282 0 0 0 2.412-5.867 8.267 8.267 0 0 0-2.412-5.867c-3.222-3.222-8.503-3.222-11.734 0l-.827.836-.835-.836c-3.222-3.222-8.503-3.222-11.725 0a8.24 8.24 0 0 0-2.421 5.867c0 2.119.801 4.256 2.42 5.867l.828.827 11.307 11.307a.602.602 0 0 0 .852 0l11.3-11.307m-24.274-5.891c0 .437.04.875.122 1.307"
            fill={null}
            fillOpacity={1}
            fillRule={1}
            matrix={
              Array [
                1,
                0,
                0,
                1,
                0,
                0,
              ]
            }
            opacity={1}
            originX={0}
            originY={0}
            propList={
              Array [
                "stroke",
                "strokeWidth",
                "strokeLinecap",
                "strokeLinejoin",
                "strokeMiterlimit",
                "fill",
              ]
            }
            rotation={0}
            scaleX={1}
            scaleY={1}
            skewX={0}
            skewY={0}
            stroke={
              Array [
                0,
                0.42745098039215684,
                0.8509803921568627,
                0.8235294117647058,
                1,
              ]
            }
            strokeDasharray={null}
            strokeDashoffset={null}
            strokeLinecap={1}
            strokeLinejoin={1}
            strokeMiterlimit={10}
            strokeOpacity={1}
            strokeWidth="0.7"
            x={0}
            y={0}
          />
          <RNSVGPath
            d="M17.065 13.045a6.89 6.89 0 0 0-3.581 1.898 6.832 6.832 0 0 0-1.622 2.554"
            fill={
              Array [
                0,
                0.42745098039215684,
                0.8509803921568627,
                0.8235294117647058,
                1,
              ]
            }
            fillOpacity={1}
            fillRule={1}
            matrix={
              Array [
                1,
                0,
                0,
                1,
                0,
                0,
              ]
            }
            opacity={1}
            originX={0}
            originY={0}
            propList={
              Array [
                "stroke",
                "strokeWidth",
                "strokeLinecap",
                "strokeLinejoin",
                "strokeMiterlimit",
                "fill",
              ]
            }
            rotation={0}
            scaleX={1}
            scaleY={1}
            skewX={0}
            skewY={0}
            stroke={
              Array [
                0,
                0.42745098039215684,
                0.8509803921568627,
                0.8235294117647058,
                1,
              ]
            }
            strokeDasharray={null}
            strokeDashoffset={null}
            strokeLinecap={1}
            strokeLinejoin={1}
            strokeMiterlimit={10}
            strokeOpacity={1}
            strokeWidth="0.7"
            x={0}
            y={0}
          />
        </RNSVGGroup>
      </RNSVGGroup>
    </RNSVGSvgView>
  </View>
</MainScreen>
`;
