// Jest Snapshot v1, https://goo.gl/fbAQLP

exports[`Component snapshot testing renders without data 1`] = `
<View
  style={
    Array [
      Object {
        "flex": 1,
      },
      undefined,
    ]
  }
>
  <View
    style={
      Object {
        "backgroundColor": "#289F97",
        "height": 21,
      }
    }
  />
</View>
`;
