// Jest Snapshot v1, https://goo.gl/fbAQLP

exports[`Component snapshot testing renders without data 1`] = `
<MainScreen
  style={
    Object {
      "alignItems": "center",
      "backgroundColor": "#FFFFFF",
      "flex": 1,
      "justifyContent": "center",
    }
  }
>
  <Header
    back={true}
    setting={true}
    title="Account"
  />
  <View
    style={
      Object {
        "alignItems": "center",
        "backgroundColor": "#FFFFFF",
        "flex": 1,
        "justifyContent": "center",
      }
    }
  >
    <Button
      disabled={false}
      onPress={[Function]}
      title="title"
      type="raised-ripple"
    />
    <RNSVGSvgView
      align="xMidYMid"
      bbHeight="48"
      bbWidth="48"
      height={48}
      meetOrSlice={0}
      minX={0}
      minY={0}
      style={
        Array [
          Object {
            "backgroundColor": "transparent",
            "borderWidth": 0,
          },
          undefined,
          false,
          Object {
            "flex": 0,
            "height": 48,
            "width": 48,
          },
        ]
      }
      vbHeight={48}
      vbWidth={48}
      width={48}
    >
      <RNSVGGroup
        fill={
          Array [
            0,
            0,
            0,
            0,
            1,
          ]
        }
        fillOpacity={1}
        fillRule={1}
        font={Object {}}
        matrix={
          Array [
            1,
            0,
            0,
            1,
            0,
            0,
          ]
        }
        opacity={1}
        originX={0}
        originY={0}
        propList={Array []}
        rotation={0}
        scaleX={1}
        scaleY={1}
        skewX={0}
        skewY={0}
        stroke={null}
        strokeDasharray={null}
        strokeDashoffset={null}
        strokeLinecap={0}
        strokeLinejoin={0}
        strokeMiterlimit={4}
        strokeOpacity={1}
        strokeWidth="1"
        x={0}
        y={0}
      >
        <RNSVGGroup
          fill={null}
          fillOpacity={1}
          fillRule={0}
          font={Object {}}
          matrix={
            Array [
              1,
              0,
              0,
              1,
              0,
              0,
            ]
          }
          opacity={1}
          originX={0}
          originY={0}
          propList={
            Array [
              "fill",
              "fillRule",
            ]
          }
          rotation={0}
          scaleX={1}
          scaleY={1}
          skewX={0}
          skewY={0}
          stroke={null}
          strokeDasharray={null}
          strokeDashoffset={null}
          strokeLinecap={0}
          strokeLinejoin={0}
          strokeMiterlimit={4}
          strokeOpacity={1}
          strokeWidth="1"
          x={0}
          y={0}
        >
          <RNSVGCircle
            cx={24}
            cy={19.15}
            fill={null}
            fillOpacity={1}
            fillRule={1}
            matrix={
              Array [
                1,
                0,
                0,
                1,
                0,
                0,
              ]
            }
            opacity={1}
            originX={0}
            originY={0}
            propList={
              Array [
                "stroke",
                "strokeWidth",
                "strokeLinecap",
                "strokeLinejoin",
                "strokeMiterlimit",
                "fill",
              ]
            }
            r={7.264}
            rotation={0}
            scaleX={1}
            scaleY={1}
            skewX={0}
            skewY={0}
            stroke={
              Array [
                0,
                0.42745098039215684,
                0.8509803921568627,
                0.8235294117647058,
                1,
              ]
            }
            strokeDasharray={null}
            strokeDashoffset={null}
            strokeLinecap={1}
            strokeLinejoin={1}
            strokeMiterlimit={10}
            strokeOpacity={1}
            strokeWidth="0.7"
            x={0}
            y={0}
          />
          <RNSVGPath
            d="M19.122 17.236a4.483 4.483 0 0 1 5.274-3.517M11.542 36.113c0-3.89 3.182-7.072 7.072-7.072h10.772c3.89 0 7.072 3.182 7.072 7.072M18.982 18.687s-.108.993 0 1.449"
            fill={null}
            fillOpacity={1}
            fillRule={1}
            matrix={
              Array [
                1,
                0,
                0,
                1,
                0,
                0,
              ]
            }
            opacity={1}
            originX={0}
            originY={0}
            propList={
              Array [
                "stroke",
                "strokeWidth",
                "strokeLinecap",
                "strokeLinejoin",
                "strokeMiterlimit",
                "fill",
              ]
            }
            rotation={0}
            scaleX={1}
            scaleY={1}
            skewX={0}
            skewY={0}
            stroke={
              Array [
                0,
                0.42745098039215684,
                0.8509803921568627,
                0.8235294117647058,
                1,
              ]
            }
            strokeDasharray={null}
            strokeDashoffset={null}
            strokeLinecap={1}
            strokeLinejoin={1}
            strokeMiterlimit={10}
            strokeOpacity={1}
            strokeWidth="0.7"
            x={0}
            y={0}
          />
        </RNSVGGroup>
      </RNSVGGroup>
    </RNSVGSvgView>
  </View>
</MainScreen>
`;
