// Jest Snapshot v1, https://goo.gl/fbAQLP

exports[`Component snapshot testing renders without data 1`] = `
<MainScreen
  style={
    Object {
      "alignItems": "center",
      "backgroundColor": "#FFFFFF",
      "flex": 1,
      "justifyContent": "center",
    }
  }
>
  <Header
    back={true}
    setting={true}
    title="Upload Photo"
  />
  <View
    style={
      Object {
        "alignItems": "center",
        "backgroundColor": "#FFFFFF",
        "flex": 1,
        "justifyContent": "center",
      }
    }
  >
    <Button
      disabled={false}
      onPress={[Function]}
      title="title"
      type="raised-ripple"
    />
    <RNSVGSvgView
      align="xMidYMid"
      bbHeight="48"
      bbWidth="48"
      height={48}
      meetOrSlice={0}
      minX={0}
      minY={0}
      style={
        Array [
          Object {
            "backgroundColor": "transparent",
            "borderWidth": 0,
          },
          undefined,
          false,
          Object {
            "flex": 0,
            "height": 48,
            "width": 48,
          },
        ]
      }
      vbHeight={48}
      vbWidth={48}
      width={48}
    >
      <RNSVGGroup
        fill={
          Array [
            0,
            0,
            0,
            0,
            1,
          ]
        }
        fillOpacity={1}
        fillRule={1}
        font={Object {}}
        matrix={
          Array [
            1,
            0,
            0,
            1,
            0,
            0,
          ]
        }
        opacity={1}
        originX={0}
        originY={0}
        propList={Array []}
        rotation={0}
        scaleX={1}
        scaleY={1}
        skewX={0}
        skewY={0}
        stroke={null}
        strokeDasharray={null}
        strokeDashoffset={null}
        strokeLinecap={0}
        strokeLinejoin={0}
        strokeMiterlimit={4}
        strokeOpacity={1}
        strokeWidth="1"
        x={0}
        y={0}
      >
        <RNSVGPath
          d="M30.131 35.098H17.87a4.967 4.967 0 0 1-4.967-4.967V17.87a4.967 4.967 0 0 1 4.967-4.967h12.26a4.967 4.967 0 0 1 4.967 4.967v12.26a4.967 4.967 0 0 1-4.967 4.967zM24 20.147v7.706M20.147 24h7.706"
          fill={null}
          fillOpacity={1}
          fillRule={1}
          matrix={
            Array [
              1,
              0,
              0,
              1,
              0,
              0,
            ]
          }
          opacity={1}
          originX={0}
          originY={0}
          propList={
            Array [
              "stroke",
              "strokeWidth",
              "strokeLinecap",
              "strokeLinejoin",
              "strokeMiterlimit",
              "fill",
            ]
          }
          rotation={0}
          scaleX={1}
          scaleY={1}
          skewX={0}
          skewY={0}
          stroke={
            Array [
              0,
              0.42745098039215684,
              0.8509803921568627,
              0.8235294117647058,
              1,
            ]
          }
          strokeDasharray={null}
          strokeDashoffset={null}
          strokeLinecap={1}
          strokeLinejoin={1}
          strokeMiterlimit={10}
          strokeOpacity={1}
          strokeWidth="0.7"
          x={0}
          y={0}
        />
      </RNSVGGroup>
    </RNSVGSvgView>
  </View>
</MainScreen>
`;
